2026-05-21 20:47:29,976 [ERROR] __init__: Threaded polling exception: A request to the Telegram API was unsuccessful. Error code: 409. Description: Conflict: terminated by other getUpdates request; make sure that only one bot instance is running
2026-05-21 20:47:29,976 [ERROR] __init__: Exception traceback:
Traceback (most recent call last):
  File "D:\bot\.venv\lib\site-packages\telebot\__init__.py", line 1247, in __threaded_polling
    polling_thread.raise_exceptions()
  File "D:\bot\.venv\lib\site-packages\telebot\util.py", line 116, in raise_exceptions
    raise self.exception_info
  File "D:\bot\.venv\lib\site-packages\telebot\util.py", line 98, in run
    task(*args, **kwargs)
  File "D:\bot\.venv\lib\site-packages\telebot\__init__.py", line 689, in __retrieve_updates
    updates = self.get_updates(offset=(self.last_update_id + 1),
  File "D:\bot\.venv\lib\site-packages\telebot\__init__.py", line 661, in get_updates
    json_updates = apihelper.get_updates(
  File "D:\bot\.venv\lib\site-packages\telebot\apihelper.py", line 339, in get_updates
    return _make_request(token, method_url, params=payload)
  File "D:\bot\.venv\lib\site-packages\telebot\apihelper.py", line 168, in _make_request
    json_result = _check_result(method_name, result)
  File "D:\bot\.venv\lib\site-packages\telebot\apihelper.py", line 197, in _check_result
    raise ApiTelegramException(method_name, result, result_json)
telebot.apihelper.ApiTelegramException: A request to the Telegram API was unsuccessful. Error code: 409. Description: Conflict: terminated by other getUpdates request; make sure that only one bot instance is running

2026-05-21 20:47:33,282 [ERROR] __init__: Threaded polling exception: A request to the Telegram API was unsuccessful. Error code: 409. Description: Conflict: terminated by other getUpdates request; make sure that only one bot instance is running
2026-05-21 20:47:33,283 [ERROR] __init__: Exception traceback:
Traceback (most recent call last):
  File "D:\bot\.venv\lib\site-packages\telebot\__init__.py", line 1247, in __threaded_polling
    polling_thread.raise_exceptions()
  File "D:\bot\.venv\lib\site-packages\telebot\util.py", line 116, in raise_exceptions
    raise self.exception_info
  File "D:\bot\.venv\lib\site-packages\telebot\util.py", line 98, in run
    task(*args, **kwargs)
  File "D:\bot\.venv\lib\site-packages\telebot\__init__.py", line 689, in __retrieve_updates
    updates = self.get_updates(offset=(self.last_update_id + 1),
  File "D:\bot\.venv\lib\site-packages\telebot\__init__.py", line 661, in get_updates
    json_updates = apihelper.get_updates(
  File "D:\bot\.venv\lib\site-packages\telebot\apihelper.py", line 339, in get_updates
    return _make_request(token, method_url, params=payload)
  File "D:\bot\.venv\lib\site-packages\telebot\apihelper.py", line 168, in _make_request
    json_result = _check_result(method_name, result)
  File "D:\bot\.venv\lib\site-packages\telebot\apihelper.py", line 197, in _check_result
    raise ApiTelegramException(method_name, result, result_json)
telebot.apihelper.ApiTelegramException: A request to the Telegram API was unsuccessful. Error code: 409. Description: Conflict: terminated by other getUpdates request; make sure that only one bot instance is running

2026-05-21 20:47:33,589 [ERROR] __init__: Threaded polling exception: A request to the Telegram API was unsuccessful. Error code: 409. Description: Conflict: terminated by other getUpdates request; make sure that only one bot instance is running
2026-05-21 20:47:33,590 [ERROR] __init__: Exception traceback:
Traceback (most recent call last):
  File "D:\bot\.venv\lib\site-packages\telebot\__init__.py", line 1247, in __threaded_polling
    polling_thread.raise_exceptions()
  File "D:\bot\.venv\lib\site-packages\telebot\util.py", line 116, in raise_exceptions
    raise self.exception_info
  File "D:\bot\.venv\lib\site-packages\telebot\util.py", line 98, in run
    task(*args, **kwargs)
  File "D:\bot\.venv\lib\site-packages\telebot\__init__.py", line 689, in __retrieve_updates
    updates = self.get_updates(offset=(self.last_update_id + 1),
  File "D:\bot\.venv\lib\site-packages\telebot\__init__.py", line 661, in get_updates
    json_updates = apihelper.get_updates(
  File "D:\bot\.venv\lib\site-packages\telebot\apihelper.py", line 339, in get_updates
    return _make_request(token, method_url, params=payload)
  File "D:\bot\.venv\lib\site-packages\telebot\apihelper.py", line 168, in _make_request
    json_result = _check_result(method_name, result)
  File "D:\bot\.venv\lib\site-packages\telebot\apihelper.py", line 197, in _check_result
    raise ApiTelegramException(method_name, result, result_json)
telebot.apihelper.ApiTelegramException: A request to the Telegram API was unsuccessful. Error code: 409. Description: Conflict: terminated by other getUpdates request; make sure that only one bot instance is running

2026-05-21 20:47:37,137 [ERROR] __init__: Threaded polling exception: A request to the Telegram API was unsuccessful. Error code: 409. Description: Conflict: terminated by other getUpdates request; make sure that only one bot instance is running
2026-05-21 20:47:37,137 [ERROR] __init__: Exception traceback:
Traceback (most recent call last):
  File "D:\bot\.venv\lib\site-packages\telebot\__init__.py", line 1247, in __threaded_polling
    polling_thread.raise_exceptions()
  File "D:\bot\.venv\lib\site-packages\telebot\util.py", line 116, in raise_exceptions
    raise self.exception_info
  File "D:\bot\.venv\lib\site-packages\telebot\util.py", line 98, in run
    task(*args, **kwargs)
  File "D:\bot\.venv\lib\site-packages\telebot\__init__.py", line 689, in __retrieve_updates
    updates = self.get_updates(offset=(self.last_update_id + 1),
  File "D:\bot\.venv\lib\site-packages\telebot\__init__.py", line 661, in get_updates
    json_updates = apihelper.get_updates(
  File "D:\bot\.venv\lib\site-packages\telebot\apihelper.py", line 339, in get_updates
    return _make_request(token, method_url, params=payload)
  File "D:\bot\.venv\lib\site-packages\telebot\apihelper.py", line 168, in _make_request
    json_result = _check_result(method_name, result)
  File "D:\bot\.venv\lib\site-packages\telebot\apihelper.py", line 197, in _check_result
    raise ApiTelegramException(method_name, result, result_json)
telebot.apihelper.ApiTelegramException: A request to the Telegram API was unsuccessful. Error code: 409. Description: Conflict: terminated by other getUpdates request; make sure that only one bot instance is running

2026-05-21 20:47:37,687 [ERROR] __init__: Threaded polling exception: A request to the Telegram API was unsuccessful. Error code: 409. Description: Conflict: terminated by other getUpdates request; make sure that only one bot instance is running
2026-05-21 20:47:37,689 [ERROR] __init__: Exception traceback:
Traceback (most recent call last):
  File "D:\bot\.venv\lib\site-packages\telebot\__init__.py", line 1247, in __threaded_polling
    polling_thread.raise_exceptions()
  File "D:\bot\.venv\lib\site-packages\telebot\util.py", line 116, in raise_exceptions
    raise self.exception_info
  File "D:\bot\.venv\lib\site-packages\telebot\util.py", line 98, in run
    task(*args, **kwargs)
  File "D:\bot\.venv\lib\site-packages\telebot\__init__.py", line 689, in __retrieve_updates
    updates = self.get_updates(offset=(self.last_update_id + 1),
  File "D:\bot\.venv\lib\site-packages\telebot\__init__.py", line 661, in get_updates
    json_updates = apihelper.get_updates(
  File "D:\bot\.venv\lib\site-packages\telebot\apihelper.py", line 339, in get_updates
    return _make_request(token, method_url, params=payload)
  File "D:\bot\.venv\lib\site-packages\telebot\apihelper.py", line 168, in _make_request
    json_result = _check_result(method_name, result)
  File "D:\bot\.venv\lib\site-packages\telebot\apihelper.py", line 197, in _check_result
    raise ApiTelegramException(method_name, result, result_json)
telebot.apihelper.ApiTelegramException: A request to the Telegram API was unsuccessful. Error code: 409. Description: Conflict: terminated by other getUpdates request; make sure that only one bot instance is running

2026-05-21 20:47:40,982 [ERROR] __init__: Threaded polling exception: A request to the Telegram API was unsuccessful. Error code: 409. Description: Conflict: terminated by other getUpdates request; make sure that only one bot instance is running
2026-05-21 20:47:40,982 [ERROR] __init__: Exception traceback:
Traceback (most recent call last):
  File "D:\bot\.venv\lib\site-packages\telebot\__init__.py", line 1247, in __threaded_polling
    polling_thread.raise_exceptions()
  File "D:\bot\.venv\lib\site-packages\telebot\util.py", line 116, in raise_exceptions
    raise self.exception_info
  File "D:\bot\.venv\lib\site-packages\telebot\util.py", line 98, in run
    task(*args, **kwargs)
  File "D:\bot\.venv\lib\site-packages\telebot\__init__.py", line 689, in __retrieve_updates
    updates = self.get_updates(offset=(self.last_update_id + 1),
  File "D:\bot\.venv\lib\site-packages\telebot\__init__.py", line 661, in get_updates
    json_updates = apihelper.get_updates(
  File "D:\bot\.venv\lib\site-packages\telebot\apihelper.py", line 339, in get_updates
    return _make_request(token, method_url, params=payload)
  File "D:\bot\.venv\lib\site-packages\telebot\apihelper.py", line 168, in _make_request
    json_result = _check_result(method_name, result)
  File "D:\bot\.venv\lib\site-packages\telebot\apihelper.py", line 197, in _check_result
    raise ApiTelegramException(method_name, result, result_json)
telebot.apihelper.ApiTelegramException: A request to the Telegram API was unsuccessful. Error code: 409. Description: Conflict: terminated by other getUpdates request; make sure that only one bot instance is running

2026-05-21 20:47:41,282 [ERROR] __init__: Threaded polling exception: A request to the Telegram API was unsuccessful. Error code: 409. Description: Conflict: terminated by other getUpdates request; make sure that only one bot instance is running
2026-05-21 20:47:41,282 [ERROR] __init__: Exception traceback:
Traceback (most recent call last):
  File "D:\bot\.venv\lib\site-packages\telebot\__init__.py", line 1247, in __threaded_polling
    polling_thread.raise_exceptions()
  File "D:\bot\.venv\lib\site-packages\telebot\util.py", line 116, in raise_exceptions
    raise self.exception_info
  File "D:\bot\.venv\lib\site-packages\telebot\util.py", line 98, in run
    task(*args, **kwargs)
  File "D:\bot\.venv\lib\site-packages\telebot\__init__.py", line 689, in __retrieve_updates
    updates = self.get_updates(offset=(self.last_update_id + 1),
  File "D:\bot\.venv\lib\site-packages\telebot\__init__.py", line 661, in get_updates
    json_updates = apihelper.get_updates(
  File "D:\bot\.venv\lib\site-packages\telebot\apihelper.py", line 339, in get_updates
    return _make_request(token, method_url, params=payload)
  File "D:\bot\.venv\lib\site-packages\telebot\apihelper.py", line 168, in _make_request
    json_result = _check_result(method_name, result)
  File "D:\bot\.venv\lib\site-packages\telebot\apihelper.py", line 197, in _check_result
    raise ApiTelegramException(method_name, result, result_json)
telebot.apihelper.ApiTelegramException: A request to the Telegram API was unsuccessful. Error code: 409. Description: Conflict: terminated by other getUpdates request; make sure that only one bot instance is running

2026-05-21 20:47:44,576 [ERROR] __init__: Threaded polling exception: A request to the Telegram API was unsuccessful. Error code: 409. Description: Conflict: terminated by other getUpdates request; make sure that only one bot instance is running
2026-05-21 20:47:44,577 [ERROR] __init__: Exception traceback:
Traceback (most recent call last):
  File "D:\bot\.venv\lib\site-packages\telebot\__init__.py", line 1247, in __threaded_polling
    polling_thread.raise_exceptions()
  File "D:\bot\.venv\lib\site-packages\telebot\util.py", line 116, in raise_exceptions
    raise self.exception_info
  File "D:\bot\.venv\lib\site-packages\telebot\util.py", line 98, in run
    task(*args, **kwargs)
  File "D:\bot\.venv\lib\site-packages\telebot\__init__.py", line 689, in __retrieve_updates
    updates = self.get_updates(offset=(self.last_update_id + 1),
  File "D:\bot\.venv\lib\site-packages\telebot\__init__.py", line 661, in get_updates
    json_updates = apihelper.get_updates(
  File "D:\bot\.venv\lib\site-packages\telebot\apihelper.py", line 339, in get_updates
    return _make_request(token, method_url, params=payload)
  File "D:\bot\.venv\lib\site-packages\telebot\apihelper.py", line 168, in _make_request
    json_result = _check_result(method_name, result)
  File "D:\bot\.venv\lib\site-packages\telebot\apihelper.py", line 197, in _check_result
    raise ApiTelegramException(method_name, result, result_json)
telebot.apihelper.ApiTelegramException: A request to the Telegram API was unsuccessful. Error code: 409. Description: Conflict: terminated by other getUpdates request; make sure that only one bot instance is running

2026-05-21 20:47:45,122 [ERROR] __init__: Threaded polling exception: A request to the Telegram API was unsuccessful. Error code: 409. Description: Conflict: terminated by other getUpdates request; make sure that only one bot instance is running
2026-05-21 20:47:45,122 [ERROR] __init__: Exception traceback:
Traceback (most recent call last):
  File "D:\bot\.venv\lib\site-packages\telebot\__init__.py", line 1247, in __threaded_polling
    polling_thread.raise_exceptions()
  File "D:\bot\.venv\lib\site-packages\telebot\util.py", line 116, in raise_exceptions
    raise self.exception_info
  File "D:\bot\.venv\lib\site-packages\telebot\util.py", line 98, in run
    task(*args, **kwargs)
  File "D:\bot\.venv\lib\site-packages\telebot\__init__.py", line 689, in __retrieve_updates
    updates = self.get_updates(offset=(self.last_update_id + 1),
  File "D:\bot\.venv\lib\site-packages\telebot\__init__.py", line 661, in get_updates
    json_updates = apihelper.get_updates(
  File "D:\bot\.venv\lib\site-packages\telebot\apihelper.py", line 339, in get_updates
    return _make_request(token, method_url, params=payload)
  File "D:\bot\.venv\lib\site-packages\telebot\apihelper.py", line 168, in _make_request
    json_result = _check_result(method_name, result)
  File "D:\bot\.venv\lib\site-packages\telebot\apihelper.py", line 197, in _check_result
    raise ApiTelegramException(method_name, result, result_json)
telebot.apihelper.ApiTelegramException: A request to the Telegram API was unsuccessful. Error code: 409. Description: Conflict: terminated by other getUpdates request; make sure that only one bot instance is running

2026-05-21 20:47:48,679 [ERROR] __init__: Threaded polling exception: A request to the Telegram API was unsuccessful. Error code: 409. Description: Conflict: terminated by other getUpdates request; make sure that only one bot instance is running
2026-05-21 20:47:48,681 [ERROR] __init__: Exception traceback:
Traceback (most recent call last):
  File "D:\bot\.venv\lib\site-packages\telebot\__init__.py", line 1247, in __threaded_polling
    polling_thread.raise_exceptions()
  File "D:\bot\.venv\lib\site-packages\telebot\util.py", line 116, in raise_exceptions
    raise self.exception_info
  File "D:\bot\.venv\lib\site-packages\telebot\util.py", line 98, in run
    task(*args, **kwargs)
  File "D:\bot\.venv\lib\site-packages\telebot\__init__.py", line 689, in __retrieve_updates
    updates = self.get_updates(offset=(self.last_update_id + 1),
  File "D:\bot\.venv\lib\site-packages\telebot\__init__.py", line 661, in get_updates
    json_updates = apihelper.get_updates(
  File "D:\bot\.venv\lib\site-packages\telebot\apihelper.py", line 339, in get_updates
    return _make_request(token, method_url, params=payload)
  File "D:\bot\.venv\lib\site-packages\telebot\apihelper.py", line 168, in _make_request
    json_result = _check_result(method_name, result)
  File "D:\bot\.venv\lib\site-packages\telebot\apihelper.py", line 197, in _check_result
    raise ApiTelegramException(method_name, result, result_json)
telebot.apihelper.ApiTelegramException: A request to the Telegram API was unsuccessful. Error code: 409. Description: Conflict: terminated by other getUpdates request; make sure that only one bot instance is running

2026-05-21 20:47:49,731 [ERROR] __init__: Threaded polling exception: A request to the Telegram API was unsuccessful. Error code: 409. Description: Conflict: terminated by other getUpdates request; make sure that only one bot instance is running
2026-05-21 20:47:49,732 [ERROR] __init__: Exception traceback:
Traceback (most recent call last):
  File "D:\bot\.venv\lib\site-packages\telebot\__init__.py", line 1247, in __threaded_polling
    polling_thread.raise_exceptions()
  File "D:\bot\.venv\lib\site-packages\telebot\util.py", line 116, in raise_exceptions
    raise self.exception_info
  File "D:\bot\.venv\lib\site-packages\telebot\util.py", line 98, in run
    task(*args, **kwargs)
  File "D:\bot\.venv\lib\site-packages\telebot\__init__.py", line 689, in __retrieve_updates
    updates = self.get_updates(offset=(self.last_update_id + 1),
  File "D:\bot\.venv\lib\site-packages\telebot\__init__.py", line 661, in get_updates
    json_updates = apihelper.get_updates(
  File "D:\bot\.venv\lib\site-packages\telebot\apihelper.py", line 339, in get_updates
    return _make_request(token, method_url, params=payload)
  File "D:\bot\.venv\lib\site-packages\telebot\apihelper.py", line 168, in _make_request
    json_result = _check_result(method_name, result)
  File "D:\bot\.venv\lib\site-packages\telebot\apihelper.py", line 197, in _check_result
    raise ApiTelegramException(method_name, result, result_json)
telebot.apihelper.ApiTelegramException: A request to the Telegram API was unsuccessful. Error code: 409. Description: Conflict: terminated by other getUpdates request; make sure that only one bot instance is running

2026-05-21 20:47:53,776 [ERROR] __init__: Threaded polling exception: A request to the Telegram API was unsuccessful. Error code: 409. Description: Conflict: terminated by other getUpdates request; make sure that only one bot instance is running
2026-05-21 20:47:53,776 [ERROR] __init__: Exception traceback:
Traceback (most recent call last):
  File "D:\bot\.venv\lib\site-packages\telebot\__init__.py", line 1247, in __threaded_polling
    polling_thread.raise_exceptions()
  File "D:\bot\.venv\lib\site-packages\telebot\util.py", line 116, in raise_exceptions
    raise self.exception_info
  File "D:\bot\.venv\lib\site-packages\telebot\util.py", line 98, in run
    task(*args, **kwargs)
  File "D:\bot\.venv\lib\site-packages\telebot\__init__.py", line 689, in __retrieve_updates
    updates = self.get_updates(offset=(self.last_update_id + 1),
  File "D:\bot\.venv\lib\site-packages\telebot\__init__.py", line 661, in get_updates
    json_updates = apihelper.get_updates(
  File "D:\bot\.venv\lib\site-packages\telebot\apihelper.py", line 339, in get_updates
    return _make_request(token, method_url, params=payload)
  File "D:\bot\.venv\lib\site-packages\telebot\apihelper.py", line 168, in _make_request
    json_result = _check_result(method_name, result)
  File "D:\bot\.venv\lib\site-packages\telebot\apihelper.py", line 197, in _check_result
    raise ApiTelegramException(method_name, result, result_json)
telebot.apihelper.ApiTelegramException: A request to the Telegram API was unsuccessful. Error code: 409. Description: Conflict: terminated by other getUpdates request; make sure that only one bot instance is running

2026-05-21 20:47:54,075 [ERROR] __init__: Threaded polling exception: A request to the Telegram API was unsuccessful. Error code: 409. Description: Conflict: terminated by other getUpdates request; make sure that only one bot instance is running
2026-05-21 20:47:54,076 [ERROR] __init__: Exception traceback:
Traceback (most recent call last):
  File "D:\bot\.venv\lib\site-packages\telebot\__init__.py", line 1247, in __threaded_polling
    polling_thread.raise_exceptions()
  File "D:\bot\.venv\lib\site-packages\telebot\util.py", line 116, in raise_exceptions
    raise self.exception_info
  File "D:\bot\.venv\lib\site-packages\telebot\util.py", line 98, in run
    task(*args, **kwargs)
  File "D:\bot\.venv\lib\site-packages\telebot\__init__.py", line 689, in __retrieve_updates
    updates = self.get_updates(offset=(self.last_update_id + 1),
  File "D:\bot\.venv\lib\site-packages\telebot\__init__.py", line 661, in get_updates
    json_updates = apihelper.get_updates(
  File "D:\bot\.venv\lib\site-packages\telebot\apihelper.py", line 339, in get_updates
    return _make_request(token, method_url, params=payload)
  File "D:\bot\.venv\lib\site-packages\telebot\apihelper.py", line 168, in _make_request
    json_result = _check_result(method_name, result)
  File "D:\bot\.venv\lib\site-packages\telebot\apihelper.py", line 197, in _check_result
    raise ApiTelegramException(method_name, result, result_json)
telebot.apihelper.ApiTelegramException: A request to the Telegram API was unsuccessful. Error code: 409. Description: Conflict: terminated by other getUpdates request; make sure that only one bot instance is running

2026-05-21 20:47:57,374 [ERROR] __init__: Threaded polling exception: A request to the Telegram API was unsuccessful. Error code: 409. Description: Conflict: terminated by other getUpdates request; make sure that only one bot instance is running
2026-05-21 20:47:57,374 [ERROR] __init__: Exception traceback:
Traceback (most recent call last):
  File "D:\bot\.venv\lib\site-packages\telebot\__init__.py", line 1247, in __threaded_polling
    polling_thread.raise_exceptions()
  File "D:\bot\.venv\lib\site-packages\telebot\util.py", line 116, in raise_exceptions
    raise self.exception_info
  File "D:\bot\.venv\lib\site-packages\telebot\util.py", line 98, in run
    task(*args, **kwargs)
  File "D:\bot\.venv\lib\site-packages\telebot\__init__.py", line 689, in __retrieve_updates
    updates = self.get_updates(offset=(self.last_update_id + 1),
  File "D:\bot\.venv\lib\site-packages\telebot\__init__.py", line 661, in get_updates
    json_updates = apihelper.get_updates(
  File "D:\bot\.venv\lib\site-packages\telebot\apihelper.py", line 339, in get_updates
    return _make_request(token, method_url, params=payload)
  File "D:\bot\.venv\lib\site-packages\telebot\apihelper.py", line 168, in _make_request
    json_result = _check_result(method_name, result)
  File "D:\bot\.venv\lib\site-packages\telebot\apihelper.py", line 197, in _check_result
    raise ApiTelegramException(method_name, result, result_json)
telebot.apihelper.ApiTelegramException: A request to the Telegram API was unsuccessful. Error code: 409. Description: Conflict: terminated by other getUpdates request; make sure that only one bot instance is running

2026-05-21 20:47:57,925 [ERROR] __init__: Threaded polling exception: A request to the Telegram API was unsuccessful. Error code: 409. Description: Conflict: terminated by other getUpdates request; make sure that only one bot instance is running
2026-05-21 20:47:57,925 [ERROR] __init__: Exception traceback:
Traceback (most recent call last):
  File "D:\bot\.venv\lib\site-packages\telebot\__init__.py", line 1247, in __threaded_polling
    polling_thread.raise_exceptions()
  File "D:\bot\.venv\lib\site-packages\telebot\util.py", line 116, in raise_exceptions
    raise self.exception_info
  File "D:\bot\.venv\lib\site-packages\telebot\util.py", line 98, in run
    task(*args, **kwargs)
  File "D:\bot\.venv\lib\site-packages\telebot\__init__.py", line 689, in __retrieve_updates
    updates = self.get_updates(offset=(self.last_update_id + 1),
  File "D:\bot\.venv\lib\site-packages\telebot\__init__.py", line 661, in get_updates
    json_updates = apihelper.get_updates(
  File "D:\bot\.venv\lib\site-packages\telebot\apihelper.py", line 339, in get_updates
    return _make_request(token, method_url, params=payload)
  File "D:\bot\.venv\lib\site-packages\telebot\apihelper.py", line 168, in _make_request
    json_result = _check_result(method_name, result)
  File "D:\bot\.venv\lib\site-packages\telebot\apihelper.py", line 197, in _check_result
    raise ApiTelegramException(method_name, result, result_json)
telebot.apihelper.ApiTelegramException: A request to the Telegram API was unsuccessful. Error code: 409. Description: Conflict: terminated by other getUpdates request; make sure that only one bot instance is running

2026-05-21 20:48:01,235 [ERROR] __init__: Threaded polling exception: A request to the Telegram API was unsuccessful. Error code: 409. Description: Conflict: terminated by other getUpdates request; make sure that only one bot instance is running
2026-05-21 20:48:01,236 [ERROR] __init__: Exception traceback:
Traceback (most recent call last):
  File "D:\bot\.venv\lib\site-packages\telebot\__init__.py", line 1247, in __threaded_polling
    polling_thread.raise_exceptions()
  File "D:\bot\.venv\lib\site-packages\telebot\util.py", line 116, in raise_exceptions
    raise self.exception_info
  File "D:\bot\.venv\lib\site-packages\telebot\util.py", line 98, in run
    task(*args, **kwargs)
  File "D:\bot\.venv\lib\site-packages\telebot\__init__.py", line 689, in __retrieve_updates
    updates = self.get_updates(offset=(self.last_update_id + 1),
  File "D:\bot\.venv\lib\site-packages\telebot\__init__.py", line 661, in get_updates
    json_updates = apihelper.get_updates(
  File "D:\bot\.venv\lib\site-packages\telebot\apihelper.py", line 339, in get_updates
    return _make_request(token, method_url, params=payload)
  File "D:\bot\.venv\lib\site-packages\telebot\apihelper.py", line 168, in _make_request
    json_result = _check_result(method_name, result)
  File "D:\bot\.venv\lib\site-packages\telebot\apihelper.py", line 197, in _check_result
    raise ApiTelegramException(method_name, result, result_json)
telebot.apihelper.ApiTelegramException: A request to the Telegram API was unsuccessful. Error code: 409. Description: Conflict: terminated by other getUpdates request; make sure that only one bot instance is running

2026-05-21 20:48:02,332 [ERROR] __init__: Threaded polling exception: A request to the Telegram API was unsuccessful. Error code: 409. Description: Conflict: terminated by other getUpdates request; make sure that only one bot instance is running
2026-05-21 20:48:02,334 [ERROR] __init__: Exception traceback:
Traceback (most recent call last):
  File "D:\bot\.venv\lib\site-packages\telebot\__init__.py", line 1247, in __threaded_polling
    polling_thread.raise_exceptions()
  File "D:\bot\.venv\lib\site-packages\telebot\util.py", line 116, in raise_exceptions
    raise self.exception_info
  File "D:\bot\.venv\lib\site-packages\telebot\util.py", line 98, in run
    task(*args, **kwargs)
  File "D:\bot\.venv\lib\site-packages\telebot\__init__.py", line 689, in __retrieve_updates
    updates = self.get_updates(offset=(self.last_update_id + 1),
  File "D:\bot\.venv\lib\site-packages\telebot\__init__.py", line 661, in get_updates
    json_updates = apihelper.get_updates(
  File "D:\bot\.venv\lib\site-packages\telebot\apihelper.py", line 339, in get_updates
    return _make_request(token, method_url, params=payload)
  File "D:\bot\.venv\lib\site-packages\telebot\apihelper.py", line 168, in _make_request
    json_result = _check_result(method_name, result)
  File "D:\bot\.venv\lib\site-packages\telebot\apihelper.py", line 197, in _check_result
    raise ApiTelegramException(method_name, result, result_json)
telebot.apihelper.ApiTelegramException: A request to the Telegram API was unsuccessful. Error code: 409. Description: Conflict: terminated by other getUpdates request; make sure that only one bot instance is running

2026-05-21 20:48:05,649 [ERROR] __init__: Threaded polling exception: A request to the Telegram API was unsuccessful. Error code: 409. Description: Conflict: terminated by other getUpdates request; make sure that only one bot instance is running
2026-05-21 20:48:05,649 [ERROR] __init__: Exception traceback:
Traceback (most recent call last):
  File "D:\bot\.venv\lib\site-packages\telebot\__init__.py", line 1247, in __threaded_polling
    polling_thread.raise_exceptions()
  File "D:\bot\.venv\lib\site-packages\telebot\util.py", line 116, in raise_exceptions
    raise self.exception_info
  File "D:\bot\.venv\lib\site-packages\telebot\util.py", line 98, in run
    task(*args, **kwargs)
  File "D:\bot\.venv\lib\site-packages\telebot\__init__.py", line 689, in __retrieve_updates
    updates = self.get_updates(offset=(self.last_update_id + 1),
  File "D:\bot\.venv\lib\site-packages\telebot\__init__.py", line 661, in get_updates
    json_updates = apihelper.get_updates(
  File "D:\bot\.venv\lib\site-packages\telebot\apihelper.py", line 339, in get_updates
    return _make_request(token, method_url, params=payload)
  File "D:\bot\.venv\lib\site-packages\telebot\apihelper.py", line 168, in _make_request
    json_result = _check_result(method_name, result)
  File "D:\bot\.venv\lib\site-packages\telebot\apihelper.py", line 197, in _check_result
    raise ApiTelegramException(method_name, result, result_json)
telebot.apihelper.ApiTelegramException: A request to the Telegram API was unsuccessful. Error code: 409. Description: Conflict: terminated by other getUpdates request; make sure that only one bot instance is running

2026-05-21 20:48:05,949 [ERROR] __init__: Threaded polling exception: A request to the Telegram API was unsuccessful. Error code: 409. Description: Conflict: terminated by other getUpdates request; make sure that only one bot instance is running
2026-05-21 20:48:05,949 [ERROR] __init__: Exception traceback:
Traceback (most recent call last):
  File "D:\bot\.venv\lib\site-packages\telebot\__init__.py", line 1247, in __threaded_polling
    polling_thread.raise_exceptions()
  File "D:\bot\.venv\lib\site-packages\telebot\util.py", line 116, in raise_exceptions
    raise self.exception_info
  File "D:\bot\.venv\lib\site-packages\telebot\util.py", line 98, in run
    task(*args, **kwargs)
  File "D:\bot\.venv\lib\site-packages\telebot\__init__.py", line 689, in __retrieve_updates
    updates = self.get_updates(offset=(self.last_update_id + 1),
  File "D:\bot\.venv\lib\site-packages\telebot\__init__.py", line 661, in get_updates
    json_updates = apihelper.get_updates(
  File "D:\bot\.venv\lib\site-packages\telebot\apihelper.py", line 339, in get_updates
    return _make_request(token, method_url, params=payload)
  File "D:\bot\.venv\lib\site-packages\telebot\apihelper.py", line 168, in _make_request
    json_result = _check_result(method_name, result)
  File "D:\bot\.venv\lib\site-packages\telebot\apihelper.py", line 197, in _check_result
    raise ApiTelegramException(method_name, result, result_json)
telebot.apihelper.ApiTelegramException: A request to the Telegram API was unsuccessful. Error code: 409. Description: Conflict: terminated by other getUpdates request; make sure that only one bot instance is running

2026-05-21 20:48:09,494 [ERROR] __init__: Threaded polling exception: A request to the Telegram API was unsuccessful. Error code: 409. Description: Conflict: terminated by other getUpdates request; make sure that only one bot instance is running
2026-05-21 20:48:09,494 [ERROR] __init__: Exception traceback:
Traceback (most recent call last):
  File "D:\bot\.venv\lib\site-packages\telebot\__init__.py", line 1247, in __threaded_polling
    polling_thread.raise_exceptions()
  File "D:\bot\.venv\lib\site-packages\telebot\util.py", line 116, in raise_exceptions
    raise self.exception_info
  File "D:\bot\.venv\lib\site-packages\telebot\util.py", line 98, in run
    task(*args, **kwargs)
  File "D:\bot\.venv\lib\site-packages\telebot\__init__.py", line 689, in __retrieve_updates
    updates = self.get_updates(offset=(self.last_update_id + 1),
  File "D:\bot\.venv\lib\site-packages\telebot\__init__.py", line 661, in get_updates
    json_updates = apihelper.get_updates(
  File "D:\bot\.venv\lib\site-packages\telebot\apihelper.py", line 339, in get_updates
    return _make_request(token, method_url, params=payload)
  File "D:\bot\.venv\lib\site-packages\telebot\apihelper.py", line 168, in _make_request
    json_result = _check_result(method_name, result)
  File "D:\bot\.venv\lib\site-packages\telebot\apihelper.py", line 197, in _check_result
    raise ApiTelegramException(method_name, result, result_json)
telebot.apihelper.ApiTelegramException: A request to the Telegram API was unsuccessful. Error code: 409. Description: Conflict: terminated by other getUpdates request; make sure that only one bot instance is running

2026-05-21 20:48:10,043 [ERROR] __init__: Threaded polling exception: A request to the Telegram API was unsuccessful. Error code: 409. Description: Conflict: terminated by other getUpdates request; make sure that only one bot instance is running
2026-05-21 20:48:10,044 [ERROR] __init__: Exception traceback:
Traceback (most recent call last):
  File "D:\bot\.venv\lib\site-packages\telebot\__init__.py", line 1247, in __threaded_polling
    polling_thread.raise_exceptions()
  File "D:\bot\.venv\lib\site-packages\telebot\util.py", line 116, in raise_exceptions
    raise self.exception_info
  File "D:\bot\.venv\lib\site-packages\telebot\util.py", line 98, in run
    task(*args, **kwargs)
  File "D:\bot\.venv\lib\site-packages\telebot\__init__.py", line 689, in __retrieve_updates
    updates = self.get_updates(offset=(self.last_update_id + 1),
  File "D:\bot\.venv\lib\site-packages\telebot\__init__.py", line 661, in get_updates
    json_updates = apihelper.get_updates(
  File "D:\bot\.venv\lib\site-packages\telebot\apihelper.py", line 339, in get_updates
    return _make_request(token, method_url, params=payload)
  File "D:\bot\.venv\lib\site-packages\telebot\apihelper.py", line 168, in _make_request
    json_result = _check_result(method_name, result)
  File "D:\bot\.venv\lib\site-packages\telebot\apihelper.py", line 197, in _check_result
    raise ApiTelegramException(method_name, result, result_json)
telebot.apihelper.ApiTelegramException: A request to the Telegram API was unsuccessful. Error code: 409. Description: Conflict: terminated by other getUpdates request; make sure that only one bot instance is running

2026-05-21 20:48:14,102 [ERROR] __init__: Threaded polling exception: A request to the Telegram API was unsuccessful. Error code: 409. Description: Conflict: terminated by other getUpdates request; make sure that only one bot instance is running
2026-05-21 20:48:14,103 [ERROR] __init__: Exception traceback:
Traceback (most recent call last):
  File "D:\bot\.venv\lib\site-packages\telebot\__init__.py", line 1247, in __threaded_polling
    polling_thread.raise_exceptions()
  File "D:\bot\.venv\lib\site-packages\telebot\util.py", line 116, in raise_exceptions
    raise self.exception_info
  File "D:\bot\.venv\lib\site-packages\telebot\util.py", line 98, in run
    task(*args, **kwargs)
  File "D:\bot\.venv\lib\site-packages\telebot\__init__.py", line 689, in __retrieve_updates
    updates = self.get_updates(offset=(self.last_update_id + 1),
  File "D:\bot\.venv\lib\site-packages\telebot\__init__.py", line 661, in get_updates
    json_updates = apihelper.get_updates(
  File "D:\bot\.venv\lib\site-packages\telebot\apihelper.py", line 339, in get_updates
    return _make_request(token, method_url, params=payload)
  File "D:\bot\.venv\lib\site-packages\telebot\apihelper.py", line 168, in _make_request
    json_result = _check_result(method_name, result)
  File "D:\bot\.venv\lib\site-packages\telebot\apihelper.py", line 197, in _check_result
    raise ApiTelegramException(method_name, result, result_json)
telebot.apihelper.ApiTelegramException: A request to the Telegram API was unsuccessful. Error code: 409. Description: Conflict: terminated by other getUpdates request; make sure that only one bot instance is running

2026-05-21 20:48:15,153 [ERROR] __init__: Threaded polling exception: A request to the Telegram API was unsuccessful. Error code: 409. Description: Conflict: terminated by other getUpdates request; make sure that only one bot instance is running
2026-05-21 20:48:15,154 [ERROR] __init__: Exception traceback:
Traceback (most recent call last):
  File "D:\bot\.venv\lib\site-packages\telebot\__init__.py", line 1247, in __threaded_polling
    polling_thread.raise_exceptions()
  File "D:\bot\.venv\lib\site-packages\telebot\util.py", line 116, in raise_exceptions
    raise self.exception_info
  File "D:\bot\.venv\lib\site-packages\telebot\util.py", line 98, in run
    task(*args, **kwargs)
  File "D:\bot\.venv\lib\site-packages\telebot\__init__.py", line 689, in __retrieve_updates
    updates = self.get_updates(offset=(self.last_update_id + 1),
  File "D:\bot\.venv\lib\site-packages\telebot\__init__.py", line 661, in get_updates
    json_updates = apihelper.get_updates(
  File "D:\bot\.venv\lib\site-packages\telebot\apihelper.py", line 339, in get_updates
    return _make_request(token, method_url, params=payload)
  File "D:\bot\.venv\lib\site-packages\telebot\apihelper.py", line 168, in _make_request
    json_result = _check_result(method_name, result)
  File "D:\bot\.venv\lib\site-packages\telebot\apihelper.py", line 197, in _check_result
    raise ApiTelegramException(method_name, result, result_json)
telebot.apihelper.ApiTelegramException: A request to the Telegram API was unsuccessful. Error code: 409. Description: Conflict: terminated by other getUpdates request; make sure that only one bot instance is running

2026-05-21 20:48:20,213 [ERROR] __init__: Threaded polling exception: A request to the Telegram API was unsuccessful. Error code: 409. Description: Conflict: terminated by other getUpdates request; make sure that only one bot instance is running
2026-05-21 20:48:20,213 [ERROR] __init__: Exception traceback:
Traceback (most recent call last):
  File "D:\bot\.venv\lib\site-packages\telebot\__init__.py", line 1247, in __threaded_polling
    polling_thread.raise_exceptions()
  File "D:\bot\.venv\lib\site-packages\telebot\util.py", line 116, in raise_exceptions
    raise self.exception_info
  File "D:\bot\.venv\lib\site-packages\telebot\util.py", line 98, in run
    task(*args, **kwargs)
  File "D:\bot\.venv\lib\site-packages\telebot\__init__.py", line 689, in __retrieve_updates
    updates = self.get_updates(offset=(self.last_update_id + 1),
  File "D:\bot\.venv\lib\site-packages\telebot\__init__.py", line 661, in get_updates
    json_updates = apihelper.get_updates(
  File "D:\bot\.venv\lib\site-packages\telebot\apihelper.py", line 339, in get_updates
    return _make_request(token, method_url, params=payload)
  File "D:\bot\.venv\lib\site-packages\telebot\apihelper.py", line 168, in _make_request
    json_result = _check_result(method_name, result)
  File "D:\bot\.venv\lib\site-packages\telebot\apihelper.py", line 197, in _check_result
    raise ApiTelegramException(method_name, result, result_json)
telebot.apihelper.ApiTelegramException: A request to the Telegram API was unsuccessful. Error code: 409. Description: Conflict: terminated by other getUpdates request; make sure that only one bot instance is running

2026-05-21 20:48:22,262 [ERROR] __init__: Threaded polling exception: A request to the Telegram API was unsuccessful. Error code: 409. Description: Conflict: terminated by other getUpdates request; make sure that only one bot instance is running
2026-05-21 20:48:22,263 [ERROR] __init__: Exception traceback:
Traceback (most recent call last):
  File "D:\bot\.venv\lib\site-packages\telebot\__init__.py", line 1247, in __threaded_polling
    polling_thread.raise_exceptions()
  File "D:\bot\.venv\lib\site-packages\telebot\util.py", line 116, in raise_exceptions
    raise self.exception_info
  File "D:\bot\.venv\lib\site-packages\telebot\util.py", line 98, in run
    task(*args, **kwargs)
  File "D:\bot\.venv\lib\site-packages\telebot\__init__.py", line 689, in __retrieve_updates
    updates = self.get_updates(offset=(self.last_update_id + 1),
  File "D:\bot\.venv\lib\site-packages\telebot\__init__.py", line 661, in get_updates
    json_updates = apihelper.get_updates(
  File "D:\bot\.venv\lib\site-packages\telebot\apihelper.py", line 339, in get_updates
    return _make_request(token, method_url, params=payload)
  File "D:\bot\.venv\lib\site-packages\telebot\apihelper.py", line 168, in _make_request
    json_result = _check_result(method_name, result)
  File "D:\bot\.venv\lib\site-packages\telebot\apihelper.py", line 197, in _check_result
    raise ApiTelegramException(method_name, result, result_json)
telebot.apihelper.ApiTelegramException: A request to the Telegram API was unsuccessful. Error code: 409. Description: Conflict: terminated by other getUpdates request; make sure that only one bot instance is running

2026-05-21 20:48:26,319 [ERROR] __init__: Threaded polling exception: A request to the Telegram API was unsuccessful. Error code: 409. Description: Conflict: terminated by other getUpdates request; make sure that only one bot instance is running
2026-05-21 20:48:26,320 [ERROR] __init__: Exception traceback:
Traceback (most recent call last):
  File "D:\bot\.venv\lib\site-packages\telebot\__init__.py", line 1247, in __threaded_polling
    polling_thread.raise_exceptions()
  File "D:\bot\.venv\lib\site-packages\telebot\util.py", line 116, in raise_exceptions
    raise self.exception_info
  File "D:\bot\.venv\lib\site-packages\telebot\util.py", line 98, in run
    task(*args, **kwargs)
  File "D:\bot\.venv\lib\site-packages\telebot\__init__.py", line 689, in __retrieve_updates
    updates = self.get_updates(offset=(self.last_update_id + 1),
  File "D:\bot\.venv\lib\site-packages\telebot\__init__.py", line 661, in get_updates
    json_updates = apihelper.get_updates(
  File "D:\bot\.venv\lib\site-packages\telebot\apihelper.py", line 339, in get_updates
    return _make_request(token, method_url, params=payload)
  File "D:\bot\.venv\lib\site-packages\telebot\apihelper.py", line 168, in _make_request
    json_result = _check_result(method_name, result)
  File "D:\bot\.venv\lib\site-packages\telebot\apihelper.py", line 197, in _check_result
    raise ApiTelegramException(method_name, result, result_json)
telebot.apihelper.ApiTelegramException: A request to the Telegram API was unsuccessful. Error code: 409. Description: Conflict: terminated by other getUpdates request; make sure that only one bot instance is running

2026-05-21 20:48:30,378 [ERROR] __init__: Threaded polling exception: A request to the Telegram API was unsuccessful. Error code: 409. Description: Conflict: terminated by other getUpdates request; make sure that only one bot instance is running
2026-05-21 20:48:30,378 [ERROR] __init__: Exception traceback:
Traceback (most recent call last):
  File "D:\bot\.venv\lib\site-packages\telebot\__init__.py", line 1247, in __threaded_polling
    polling_thread.raise_exceptions()
  File "D:\bot\.venv\lib\site-packages\telebot\util.py", line 116, in raise_exceptions
    raise self.exception_info
  File "D:\bot\.venv\lib\site-packages\telebot\util.py", line 98, in run
    task(*args, **kwargs)
  File "D:\bot\.venv\lib\site-packages\telebot\__init__.py", line 689, in __retrieve_updates
    updates = self.get_updates(offset=(self.last_update_id + 1),
  File "D:\bot\.venv\lib\site-packages\telebot\__init__.py", line 661, in get_updates
    json_updates = apihelper.get_updates(
  File "D:\bot\.venv\lib\site-packages\telebot\apihelper.py", line 339, in get_updates
    return _make_request(token, method_url, params=payload)
  File "D:\bot\.venv\lib\site-packages\telebot\apihelper.py", line 168, in _make_request
    json_result = _check_result(method_name, result)
  File "D:\bot\.venv\lib\site-packages\telebot\apihelper.py", line 197, in _check_result
    raise ApiTelegramException(method_name, result, result_json)
telebot.apihelper.ApiTelegramException: A request to the Telegram API was unsuccessful. Error code: 409. Description: Conflict: terminated by other getUpdates request; make sure that only one bot instance is running

2026-05-21 20:48:38,434 [ERROR] __init__: Threaded polling exception: A request to the Telegram API was unsuccessful. Error code: 409. Description: Conflict: terminated by other getUpdates request; make sure that only one bot instance is running
2026-05-21 20:48:38,434 [ERROR] __init__: Exception traceback:
Traceback (most recent call last):
  File "D:\bot\.venv\lib\site-packages\telebot\__init__.py", line 1247, in __threaded_polling
    polling_thread.raise_exceptions()
  File "D:\bot\.venv\lib\site-packages\telebot\util.py", line 116, in raise_exceptions
    raise self.exception_info
  File "D:\bot\.venv\lib\site-packages\telebot\util.py", line 98, in run
    task(*args, **kwargs)
  File "D:\bot\.venv\lib\site-packages\telebot\__init__.py", line 689, in __retrieve_updates
    updates = self.get_updates(offset=(self.last_update_id + 1),
  File "D:\bot\.venv\lib\site-packages\telebot\__init__.py", line 661, in get_updates
    json_updates = apihelper.get_updates(
  File "D:\bot\.venv\lib\site-packages\telebot\apihelper.py", line 339, in get_updates
    return _make_request(token, method_url, params=payload)
  File "D:\bot\.venv\lib\site-packages\telebot\apihelper.py", line 168, in _make_request
    json_result = _check_result(method_name, result)
  File "D:\bot\.venv\lib\site-packages\telebot\apihelper.py", line 197, in _check_result
    raise ApiTelegramException(method_name, result, result_json)
telebot.apihelper.ApiTelegramException: A request to the Telegram API was unsuccessful. Error code: 409. Description: Conflict: terminated by other getUpdates request; make sure that only one bot instance is running

2026-05-21 20:48:46,493 [ERROR] __init__: Threaded polling exception: A request to the Telegram API was unsuccessful. Error code: 409. Description: Conflict: terminated by other getUpdates request; make sure that only one bot instance is running
2026-05-21 20:48:46,493 [ERROR] __init__: Exception traceback:
Traceback (most recent call last):
  File "D:\bot\.venv\lib\site-packages\telebot\__init__.py", line 1247, in __threaded_polling
    polling_thread.raise_exceptions()
  File "D:\bot\.venv\lib\site-packages\telebot\util.py", line 116, in raise_exceptions
    raise self.exception_info
  File "D:\bot\.venv\lib\site-packages\telebot\util.py", line 98, in run
    task(*args, **kwargs)
  File "D:\bot\.venv\lib\site-packages\telebot\__init__.py", line 689, in __retrieve_updates
    updates = self.get_updates(offset=(self.last_update_id + 1),
  File "D:\bot\.venv\lib\site-packages\telebot\__init__.py", line 661, in get_updates
    json_updates = apihelper.get_updates(
  File "D:\bot\.venv\lib\site-packages\telebot\apihelper.py", line 339, in get_updates
    return _make_request(token, method_url, params=payload)
  File "D:\bot\.venv\lib\site-packages\telebot\apihelper.py", line 168, in _make_request
    json_result = _check_result(method_name, result)
  File "D:\bot\.venv\lib\site-packages\telebot\apihelper.py", line 197, in _check_result
    raise ApiTelegramException(method_name, result, result_json)
telebot.apihelper.ApiTelegramException: A request to the Telegram API was unsuccessful. Error code: 409. Description: Conflict: terminated by other getUpdates request; make sure that only one bot instance is running

2026-05-21 20:49:02,545 [ERROR] __init__: Threaded polling exception: A request to the Telegram API was unsuccessful. Error code: 409. Description: Conflict: terminated by other getUpdates request; make sure that only one bot instance is running
2026-05-21 20:49:02,545 [ERROR] __init__: Exception traceback:
Traceback (most recent call last):
  File "D:\bot\.venv\lib\site-packages\telebot\__init__.py", line 1247, in __threaded_polling
    polling_thread.raise_exceptions()
  File "D:\bot\.venv\lib\site-packages\telebot\util.py", line 116, in raise_exceptions
    raise self.exception_info
  File "D:\bot\.venv\lib\site-packages\telebot\util.py", line 98, in run
    task(*args, **kwargs)
  File "D:\bot\.venv\lib\site-packages\telebot\__init__.py", line 689, in __retrieve_updates
    updates = self.get_updates(offset=(self.last_update_id + 1),
  File "D:\bot\.venv\lib\site-packages\telebot\__init__.py", line 661, in get_updates
    json_updates = apihelper.get_updates(
  File "D:\bot\.venv\lib\site-packages\telebot\apihelper.py", line 339, in get_updates
    return _make_request(token, method_url, params=payload)
  File "D:\bot\.venv\lib\site-packages\telebot\apihelper.py", line 168, in _make_request
    json_result = _check_result(method_name, result)
  File "D:\bot\.venv\lib\site-packages\telebot\apihelper.py", line 197, in _check_result
    raise ApiTelegramException(method_name, result, result_json)
telebot.apihelper.ApiTelegramException: A request to the Telegram API was unsuccessful. Error code: 409. Description: Conflict: terminated by other getUpdates request; make sure that only one bot instance is running

2026-05-21 20:49:18,593 [ERROR] __init__: Threaded polling exception: A request to the Telegram API was unsuccessful. Error code: 409. Description: Conflict: terminated by other getUpdates request; make sure that only one bot instance is running
2026-05-21 20:49:18,593 [ERROR] __init__: Exception traceback:
Traceback (most recent call last):
  File "D:\bot\.venv\lib\site-packages\telebot\__init__.py", line 1247, in __threaded_polling
    polling_thread.raise_exceptions()
  File "D:\bot\.venv\lib\site-packages\telebot\util.py", line 116, in raise_exceptions
    raise self.exception_info
  File "D:\bot\.venv\lib\site-packages\telebot\util.py", line 98, in run
    task(*args, **kwargs)
  File "D:\bot\.venv\lib\site-packages\telebot\__init__.py", line 689, in __retrieve_updates
    updates = self.get_updates(offset=(self.last_update_id + 1),
  File "D:\bot\.venv\lib\site-packages\telebot\__init__.py", line 661, in get_updates
    json_updates = apihelper.get_updates(
  File "D:\bot\.venv\lib\site-packages\telebot\apihelper.py", line 339, in get_updates
    return _make_request(token, method_url, params=payload)
  File "D:\bot\.venv\lib\site-packages\telebot\apihelper.py", line 168, in _make_request
    json_result = _check_result(method_name, result)
  File "D:\bot\.venv\lib\site-packages\telebot\apihelper.py", line 197, in _check_result
    raise ApiTelegramException(method_name, result, result_json)
telebot.apihelper.ApiTelegramException: A request to the Telegram API was unsuccessful. Error code: 409. Description: Conflict: terminated by other getUpdates request; make sure that only one bot instance is running

2026-05-21 20:49:50,650 [ERROR] __init__: Threaded polling exception: A request to the Telegram API was unsuccessful. Error code: 409. Description: Conflict: terminated by other getUpdates request; make sure that only one bot instance is running
2026-05-21 20:49:50,651 [ERROR] __init__: Exception traceback:
Traceback (most recent call last):
  File "D:\bot\.venv\lib\site-packages\telebot\__init__.py", line 1247, in __threaded_polling
    polling_thread.raise_exceptions()
  File "D:\bot\.venv\lib\site-packages\telebot\util.py", line 116, in raise_exceptions
    raise self.exception_info
  File "D:\bot\.venv\lib\site-packages\telebot\util.py", line 98, in run
    task(*args, **kwargs)
  File "D:\bot\.venv\lib\site-packages\telebot\__init__.py", line 689, in __retrieve_updates
    updates = self.get_updates(offset=(self.last_update_id + 1),
  File "D:\bot\.venv\lib\site-packages\telebot\__init__.py", line 661, in get_updates
    json_updates = apihelper.get_updates(
  File "D:\bot\.venv\lib\site-packages\telebot\apihelper.py", line 339, in get_updates
    return _make_request(token, method_url, params=payload)
  File "D:\bot\.venv\lib\site-packages\telebot\apihelper.py", line 168, in _make_request
    json_result = _check_result(method_name, result)
  File "D:\bot\.venv\lib\site-packages\telebot\apihelper.py", line 197, in _check_result
    raise ApiTelegramException(method_name, result, result_json)
telebot.apihelper.ApiTelegramException: A request to the Telegram API was unsuccessful. Error code: 409. Description: Conflict: terminated by other getUpdates request; make sure that only one bot instance is running

2026-05-21 20:49:53,951 [ERROR] __init__: Threaded polling exception: A request to the Telegram API was unsuccessful. Error code: 409. Description: Conflict: terminated by other getUpdates request; make sure that only one bot instance is running
2026-05-21 20:49:53,951 [ERROR] __init__: Exception traceback:
Traceback (most recent call last):
  File "D:\bot\.venv\lib\site-packages\telebot\__init__.py", line 1247, in __threaded_polling
    polling_thread.raise_exceptions()
  File "D:\bot\.venv\lib\site-packages\telebot\util.py", line 116, in raise_exceptions
    raise self.exception_info
  File "D:\bot\.venv\lib\site-packages\telebot\util.py", line 98, in run
    task(*args, **kwargs)
  File "D:\bot\.venv\lib\site-packages\telebot\__init__.py", line 689, in __retrieve_updates
    updates = self.get_updates(offset=(self.last_update_id + 1),
  File "D:\bot\.venv\lib\site-packages\telebot\__init__.py", line 661, in get_updates
    json_updates = apihelper.get_updates(
  File "D:\bot\.venv\lib\site-packages\telebot\apihelper.py", line 339, in get_updates
    return _make_request(token, method_url, params=payload)
  File "D:\bot\.venv\lib\site-packages\telebot\apihelper.py", line 168, in _make_request
    json_result = _check_result(method_name, result)
  File "D:\bot\.venv\lib\site-packages\telebot\apihelper.py", line 197, in _check_result
    raise ApiTelegramException(method_name, result, result_json)
telebot.apihelper.ApiTelegramException: A request to the Telegram API was unsuccessful. Error code: 409. Description: Conflict: terminated by other getUpdates request; make sure that only one bot instance is running

2026-05-21 20:50:54,009 [ERROR] __init__: Threaded polling exception: A request to the Telegram API was unsuccessful. Error code: 409. Description: Conflict: terminated by other getUpdates request; make sure that only one bot instance is running
2026-05-21 20:50:54,010 [ERROR] __init__: Exception traceback:
Traceback (most recent call last):
  File "D:\bot\.venv\lib\site-packages\telebot\__init__.py", line 1247, in __threaded_polling
    polling_thread.raise_exceptions()
  File "D:\bot\.venv\lib\site-packages\telebot\util.py", line 116, in raise_exceptions
    raise self.exception_info
  File "D:\bot\.venv\lib\site-packages\telebot\util.py", line 98, in run
    task(*args, **kwargs)
  File "D:\bot\.venv\lib\site-packages\telebot\__init__.py", line 689, in __retrieve_updates
    updates = self.get_updates(offset=(self.last_update_id + 1),
  File "D:\bot\.venv\lib\site-packages\telebot\__init__.py", line 661, in get_updates
    json_updates = apihelper.get_updates(
  File "D:\bot\.venv\lib\site-packages\telebot\apihelper.py", line 339, in get_updates
    return _make_request(token, method_url, params=payload)
  File "D:\bot\.venv\lib\site-packages\telebot\apihelper.py", line 168, in _make_request
    json_result = _check_result(method_name, result)
  File "D:\bot\.venv\lib\site-packages\telebot\apihelper.py", line 197, in _check_result
    raise ApiTelegramException(method_name, result, result_json)
telebot.apihelper.ApiTelegramException: A request to the Telegram API was unsuccessful. Error code: 409. Description: Conflict: terminated by other getUpdates request; make sure that only one bot instance is running

2026-05-21 20:50:57,312 [ERROR] __init__: Threaded polling exception: A request to the Telegram API was unsuccessful. Error code: 409. Description: Conflict: terminated by other getUpdates request; make sure that only one bot instance is running
2026-05-21 20:50:57,313 [ERROR] __init__: Exception traceback:
Traceback (most recent call last):
  File "D:\bot\.venv\lib\site-packages\telebot\__init__.py", line 1247, in __threaded_polling
    polling_thread.raise_exceptions()
  File "D:\bot\.venv\lib\site-packages\telebot\util.py", line 116, in raise_exceptions
    raise self.exception_info
  File "D:\bot\.venv\lib\site-packages\telebot\util.py", line 98, in run
    task(*args, **kwargs)
  File "D:\bot\.venv\lib\site-packages\telebot\__init__.py", line 689, in __retrieve_updates
    updates = self.get_updates(offset=(self.last_update_id + 1),
  File "D:\bot\.venv\lib\site-packages\telebot\__init__.py", line 661, in get_updates
    json_updates = apihelper.get_updates(
  File "D:\bot\.venv\lib\site-packages\telebot\apihelper.py", line 339, in get_updates
    return _make_request(token, method_url, params=payload)
  File "D:\bot\.venv\lib\site-packages\telebot\apihelper.py", line 168, in _make_request
    json_result = _check_result(method_name, result)
  File "D:\bot\.venv\lib\site-packages\telebot\apihelper.py", line 197, in _check_result
    raise ApiTelegramException(method_name, result, result_json)
telebot.apihelper.ApiTelegramException: A request to the Telegram API was unsuccessful. Error code: 409. Description: Conflict: terminated by other getUpdates request; make sure that only one bot instance is running

2026-05-21 20:51:57,360 [ERROR] __init__: Threaded polling exception: A request to the Telegram API was unsuccessful. Error code: 409. Description: Conflict: terminated by other getUpdates request; make sure that only one bot instance is running
2026-05-21 20:51:57,361 [ERROR] __init__: Exception traceback:
Traceback (most recent call last):
  File "D:\bot\.venv\lib\site-packages\telebot\__init__.py", line 1247, in __threaded_polling
    polling_thread.raise_exceptions()
  File "D:\bot\.venv\lib\site-packages\telebot\util.py", line 116, in raise_exceptions
    raise self.exception_info
  File "D:\bot\.venv\lib\site-packages\telebot\util.py", line 98, in run
    task(*args, **kwargs)
  File "D:\bot\.venv\lib\site-packages\telebot\__init__.py", line 689, in __retrieve_updates
    updates = self.get_updates(offset=(self.last_update_id + 1),
  File "D:\bot\.venv\lib\site-packages\telebot\__init__.py", line 661, in get_updates
    json_updates = apihelper.get_updates(
  File "D:\bot\.venv\lib\site-packages\telebot\apihelper.py", line 339, in get_updates
    return _make_request(token, method_url, params=payload)
  File "D:\bot\.venv\lib\site-packages\telebot\apihelper.py", line 168, in _make_request
    json_result = _check_result(method_name, result)
  File "D:\bot\.venv\lib\site-packages\telebot\apihelper.py", line 197, in _check_result
    raise ApiTelegramException(method_name, result, result_json)
telebot.apihelper.ApiTelegramException: A request to the Telegram API was unsuccessful. Error code: 409. Description: Conflict: terminated by other getUpdates request; make sure that only one bot instance is running

2026-05-21 20:52:00,658 [ERROR] __init__: Threaded polling exception: A request to the Telegram API was unsuccessful. Error code: 409. Description: Conflict: terminated by other getUpdates request; make sure that only one bot instance is running
2026-05-21 20:52:00,659 [ERROR] __init__: Exception traceback:
Traceback (most recent call last):
  File "D:\bot\.venv\lib\site-packages\telebot\__init__.py", line 1247, in __threaded_polling
    polling_thread.raise_exceptions()
  File "D:\bot\.venv\lib\site-packages\telebot\util.py", line 116, in raise_exceptions
    raise self.exception_info
  File "D:\bot\.venv\lib\site-packages\telebot\util.py", line 98, in run
    task(*args, **kwargs)
  File "D:\bot\.venv\lib\site-packages\telebot\__init__.py", line 689, in __retrieve_updates
    updates = self.get_updates(offset=(self.last_update_id + 1),
  File "D:\bot\.venv\lib\site-packages\telebot\__init__.py", line 661, in get_updates
    json_updates = apihelper.get_updates(
  File "D:\bot\.venv\lib\site-packages\telebot\apihelper.py", line 339, in get_updates
    return _make_request(token, method_url, params=payload)
  File "D:\bot\.venv\lib\site-packages\telebot\apihelper.py", line 168, in _make_request
    json_result = _check_result(method_name, result)
  File "D:\bot\.venv\lib\site-packages\telebot\apihelper.py", line 197, in _check_result
    raise ApiTelegramException(method_name, result, result_json)
telebot.apihelper.ApiTelegramException: A request to the Telegram API was unsuccessful. Error code: 409. Description: Conflict: terminated by other getUpdates request; make sure that only one bot instance is running

2026-05-21 20:53:00,703 [ERROR] __init__: Threaded polling exception: A request to the Telegram API was unsuccessful. Error code: 409. Description: Conflict: terminated by other getUpdates request; make sure that only one bot instance is running
2026-05-21 20:53:00,704 [ERROR] __init__: Exception traceback:
Traceback (most recent call last):
  File "D:\bot\.venv\lib\site-packages\telebot\__init__.py", line 1247, in __threaded_polling
    polling_thread.raise_exceptions()
  File "D:\bot\.venv\lib\site-packages\telebot\util.py", line 116, in raise_exceptions
    raise self.exception_info
  File "D:\bot\.venv\lib\site-packages\telebot\util.py", line 98, in run
    task(*args, **kwargs)
  File "D:\bot\.venv\lib\site-packages\telebot\__init__.py", line 689, in __retrieve_updates
    updates = self.get_updates(offset=(self.last_update_id + 1),
  File "D:\bot\.venv\lib\site-packages\telebot\__init__.py", line 661, in get_updates
    json_updates = apihelper.get_updates(
  File "D:\bot\.venv\lib\site-packages\telebot\apihelper.py", line 339, in get_updates
    return _make_request(token, method_url, params=payload)
  File "D:\bot\.venv\lib\site-packages\telebot\apihelper.py", line 168, in _make_request
    json_result = _check_result(method_name, result)
  File "D:\bot\.venv\lib\site-packages\telebot\apihelper.py", line 197, in _check_result
    raise ApiTelegramException(method_name, result, result_json)
telebot.apihelper.ApiTelegramException: A request to the Telegram API was unsuccessful. Error code: 409. Description: Conflict: terminated by other getUpdates request; make sure that only one bot instance is running

2026-05-21 20:53:03,998 [ERROR] __init__: Threaded polling exception: A request to the Telegram API was unsuccessful. Error code: 409. Description: Conflict: terminated by other getUpdates request; make sure that only one bot instance is running
2026-05-21 20:53:03,999 [ERROR] __init__: Exception traceback:
Traceback (most recent call last):
  File "D:\bot\.venv\lib\site-packages\telebot\__init__.py", line 1247, in __threaded_polling
    polling_thread.raise_exceptions()
  File "D:\bot\.venv\lib\site-packages\telebot\util.py", line 116, in raise_exceptions
    raise self.exception_info
  File "D:\bot\.venv\lib\site-packages\telebot\util.py", line 98, in run
    task(*args, **kwargs)
  File "D:\bot\.venv\lib\site-packages\telebot\__init__.py", line 689, in __retrieve_updates
    updates = self.get_updates(offset=(self.last_update_id + 1),
  File "D:\bot\.venv\lib\site-packages\telebot\__init__.py", line 661, in get_updates
    json_updates = apihelper.get_updates(
  File "D:\bot\.venv\lib\site-packages\telebot\apihelper.py", line 339, in get_updates
    return _make_request(token, method_url, params=payload)
  File "D:\bot\.venv\lib\site-packages\telebot\apihelper.py", line 168, in _make_request
    json_result = _check_result(method_name, result)
  File "D:\bot\.venv\lib\site-packages\telebot\apihelper.py", line 197, in _check_result
    raise ApiTelegramException(method_name, result, result_json)
telebot.apihelper.ApiTelegramException: A request to the Telegram API was unsuccessful. Error code: 409. Description: Conflict: terminated by other getUpdates request; make sure that only one bot instance is running

